
> app@0.1.0 build
> next build

   Γû▓ Next.js 15.1.6

   Creating an optimized production build ...
node.exe : Failed to compile.
At line:1 char:1
+ & "C:\Program 
Files\nodejs/node.exe" 
"C:\Program 
Files\nodejs/node_mo ...
+ ~~~~~~~~~~~~~~~~~~~~~~~~~~~
~~~~~~~~~~~~~~~~~~~~~~~~~~~~~
~~~~~~~~~~~~~
    + CategoryInfo           
   : NotSpecified: (Failed   
  to compile.:String) [],    
 RemoteException
    + FullyQualifiedErrorId  
   : NativeCommandError
 

./src/app/(root)/admin/annonc
es/page.tsx
Module not found: Can't 
resolve '@/components/calenda
r/Calendar'

https://nextjs.org/docs/messa
ges/module-not-found

./src/app/(root)/admin/parame
tre/page.tsx
Module not found: Can't 
resolve '../../../context/Set
tingsContext'

https://nextjs.org/docs/messa
ges/module-not-found


> Build failed because of 
webpack errors
